[primary-tournaments-224644.framer.app/index.html]
[backblue.gif]
[fade.gif]
[index.html]
[framerusercontent.com/images/wBj8L8WtJwMnE0r5wtfkGWmb92k.jpg]
[framerusercontent.com/images/CPPcnkZMxilv14OS93Qs7hyovnU.png]
[framerusercontent.com/images/ZbdVeanrZDlyVqz93Ktj5BKUVTM95a5.png]
[framerusercontent.com/images/XedYrrGInmhwVp1Aa9ukzyPMRos95a5.png]
[framerusercontent.com/images/tYnm4Mv35o3aCt0Jlub7HlbANvI95a5.png]
[framerusercontent.com/images/LSiQ2YkGYvxVOEtBwjOoSmrNrs95a5.png]
[framerusercontent.com/images/NIPbqbvaGBXSoiJRPqml7tr5I4c1f.png]
[framerusercontent.com/images/e4ZsIw7Vg3FpxFZagaaDbHPy2s495a5.png]
[framerusercontent.com/images/cIEllpgRVbprhxDhObZhbkr6Zw95a5.png]
[framerusercontent.com/images/WGCJ8PX6kwinCgodHQ0owcxNgd63a.png]
[framerusercontent.com/images/on4nMmQiWIqsazcOBpxmRWwfw0718.png]
[framerusercontent.com/images/WDHKDNHwfW3yLU0Pnj8Eh1xVgXo849e.png]
[primary-tournaments-224644.framer.app/404.c.delayed]
[primary-tournaments-224644.framer.app/index.html]
[primary-tournaments-224644.framer.app/404.html]
[primary-tournaments-224644.framer.app/licensing.html]
[primary-tournaments-224644.framer.app/licensing.html]
