[primary-tournaments-224644.framer.app/index.html]
[backblue.gif]
[fade.gif]
[index.html]
[framerusercontent.com/images/wBj8L8WtJwMnE0r5wtfkGWmb92k.jpg]
[framerusercontent.com/images/CPPcnkZMxilv14OS93Qs7hyovnU.png]
[framerusercontent.com/images/ZbdVeanrZDlyVqz93Ktj5BKUVTM95a5.png]
[framerusercontent.com/images/XedYrrGInmhwVp1Aa9ukzyPMRos95a5.png]
[framerusercontent.com/images/tYnm4Mv35o3aCt0Jlub7HlbANvI95a5.png]
[framerusercontent.com/images/LSiQ2YkGYvxVOEtBwjOoSmrNrs95a5.png]
[framerusercontent.com/images/NIPbqbvaGBXSoiJRPqml7tr5I4c1f.png]
[framerusercontent.com/images/e4ZsIw7Vg3FpxFZagaaDbHPy2s495a5.png]
[framerusercontent.com/images/cIEllpgRVbprhxDhObZhbkr6Zw95a5.png]
[framerusercontent.com/images/WGCJ8PX6kwinCgodHQ0owcxNgd63a.png]
[framerusercontent.com/images/on4nMmQiWIqsazcOBpxmRWwfw0718.png]
[framerusercontent.com/images/WDHKDNHwfW3yLU0Pnj8Eh1xVgXo849e.png]
[primary-tournaments-224644.framer.app/404.c.delayed]
[primary-tournaments-224644.framer.app/index.html]
[primary-tournaments-224644.framer.app/404.html]
[primary-tournaments-224644.framer.app/licensing.html]
[ga.jspm.io/npm_es-module-shims@1.6.3/dist/es-module-shims.js]
[framerusercontent.com/modules/6RKDP4GPUoaiH1wnEuOa/esjJEIHopDffsP5DMk8M/augiA20Il.js]
[framerusercontent.com/modules/4VaoZrzw7Hck75xdGsvt/RQYYOlHONI9nVV6Zn3wT/dyQGaiQEQ.js]
[framerusercontent.com/modules/nkpaMPkneq65OKZ3xrq0/lhvcnZw0TRt4BkyeV1TR/zj_bZTA91.js]
[framerusercontent.com/modules/jHLA9Ir3JMBEGRfT44dX/ZMnXJTCK4dBqCYzV9XRS/izRWeepEK.js]
[primary-tournaments-224644.framer.app/licensing.html]
[framerusercontent.com/modules/lveDM9VjgM5JJkmUtv1U/s0kSI433r1Ei3np3vtID/kOgwlcBkr.js]
